75.70.159.35 - - [01/Apr/2013:10:41:39 +0800] "GET http://www.sina.com/3.html" 403 %d(MISSING) "-" "Mozilla/5.0 (Ubuntu; X11; Linux i686; rv:8.0) Gecko/20100101 Firefox/8.0" 0
234.158.191.150 - - [01/Apr/2013:10:41:39 +0800] "POST http://www.asta.com/4.jpg" 302 %d(MISSING) "-" "Mozilla/5.0 (Ubuntu; X11; Linux i686; rv:8.0) Gecko/20100101 Firefox/8.0" 0
108.210.245.2 - - [01/Apr/2013:10:41:39 +0800] "GET http://www.sina.com/2.js" 302 %d(MISSING) "-" "Mozilla/5.0 (Ubuntu; X11; Linux i686; rv:8.0) Gecko/20100101 Firefox/8.0" 0
5.172.6.241 - - [01/Apr/2013:10:41:39 +0800] "GET http://www.mygolang.com/6.html" 403 %d(MISSING) "-" "Mozilla/5.0 (Ubuntu; X11; Linux i686; rv:8.0) Gecko/20100101 Firefox/8.0" 0
26.193.49.85 - - [01/Apr/2013:10:41:39 +0800] "GET http://www.sina.com/login" 404 %d(MISSING) "-" "Mozilla/5.0 (Ubuntu; X11; Linux i686; rv:8.0) Gecko/20100101 Firefox/8.0" 0
21.31.11.38 - - [01/Apr/2013:10:41:39 +0800] "POST http://www.gocn.im/2.js" 501 %d(MISSING) "-" "Mozilla/5.0 (Ubuntu; X11; Linux i686; rv:8.0) Gecko/20100101 Firefox/8.0" 0
11.229.72.25 - - [01/Apr/2013:10:41:39 +0800] "GET http://www.mygolang.com/4.jpg" 200 %d(MISSING) "-" "Mozilla/5.0 (Ubuntu; X11; Linux i686; rv:8.0) Gecko/20100101 Firefox/8.0" 0
44.203.172.125 - - [01/Apr/2013:10:41:39 +0800] "GET http://www.mygolang.com/login" 302 %d(MISSING) "-" "Mozilla/5.0 (Ubuntu; X11; Linux i686; rv:8.0) Gecko/20100101 Firefox/8.0" 0
32.146.235.39 - - [01/Apr/2013:10:41:39 +0800] "GET http://www.mygolang.com/5.php" 403 %d(MISSING) "-" "Mozilla/5.0 (Ubuntu; X11; Linux i686; rv:8.0) Gecko/20100101 Firefox/8.0" 0
117.90.143.226 - - [01/Apr/2013:10:41:39 +0800] "POST http://www.gocn.im/4.jpg" 501 %d(MISSING) "-" "Mozilla/5.0 (Ubuntu; X11; Linux i686; rv:8.0) Gecko/20100101 Firefox/8.0" 0

